Allwmake /home/sabbirdipto/thesis/src/laserbeamFoam/src
Allwmake /home/sabbirdipto/thesis/src/laserbeamFoam/src/laserHeatSource
wmake libso .
wmakeLnInclude: linking include files to ./lnInclude
Making dependency list for source file csvTableReaders.C
Making dependency list for source file openFoamTableReaders.C
Making dependency list for source file tableReaders.C
Making dependency list for source file laserHeatSource.C
g++ -std=c++14 -m64 -Dlinux64 -DWM_ARCH_OPTION=64 -DWM_DP -DWM_LABEL_SIZE=32 -Wall -Wextra -Wold-style-cast -Wnon-virtual-dtor -Wno-unused-parameter -Wno-invalid-offsetof -Wno-attributes -O3  -DNoRepository -ftemplate-depth-100 -DOPENFOAMESIORFOUNDATION -DOPENFOAMFOUNDATION -I/opt/openfoam10/src/physicalProperties/lnInclude -I/opt/openfoam10/src/thermophysicalModels/basic/lnInclude -I/opt/openfoam10/src/thermophysicalModels/specie/lnInclude -I/opt/openfoam10/src/thermophysicalModels/solidThermo/lnInclude -I/opt/openfoam10/src/thermophysicalModels/thermophysicalProperties/lnInclude -I/opt/openfoam10/src/thermophysicalModels/reactionThermo/lnInclude -I/opt/openfoam10/src/finiteVolume/lnInclude -I/opt/openfoam10/src/meshTools/lnInclude -IlnInclude -I. -I/opt/openfoam10/src/OpenFOAM/lnInclude -I/opt/openfoam10/src/OSspecific/POSIX/lnInclude   -fPIC -c laserHeatSource.C -o Make/linux64GccDPInt32Opt/laserHeatSource.o
g++ -std=c++14 -m64 -Dlinux64 -DWM_ARCH_OPTION=64 -DWM_DP -DWM_LABEL_SIZE=32 -Wall -Wextra -Wold-style-cast -Wnon-virtual-dtor -Wno-unused-parameter -Wno-invalid-offsetof -Wno-attributes -O3  -DNoRepository -ftemplate-depth-100 -DOPENFOAMESIORFOUNDATION -DOPENFOAMFOUNDATION -I/opt/openfoam10/src/physicalProperties/lnInclude -I/opt/openfoam10/src/thermophysicalModels/basic/lnInclude -I/opt/openfoam10/src/thermophysicalModels/specie/lnInclude -I/opt/openfoam10/src/thermophysicalModels/solidThermo/lnInclude -I/opt/openfoam10/src/thermophysicalModels/thermophysicalProperties/lnInclude -I/opt/openfoam10/src/thermophysicalModels/reactionThermo/lnInclude -I/opt/openfoam10/src/finiteVolume/lnInclude -I/opt/openfoam10/src/meshTools/lnInclude -IlnInclude -I. -I/opt/openfoam10/src/OpenFOAM/lnInclude -I/opt/openfoam10/src/OSspecific/POSIX/lnInclude   -fPIC -c interpolationTable/tableReaders/tableReaders.C -o Make/linux64GccDPInt32Opt/interpolationTable/tableReaders/tableReaders.o
g++ -std=c++14 -m64 -Dlinux64 -DWM_ARCH_OPTION=64 -DWM_DP -DWM_LABEL_SIZE=32 -Wall -Wextra -Wold-style-cast -Wnon-virtual-dtor -Wno-unused-parameter -Wno-invalid-offsetof -Wno-attributes -O3  -DNoRepository -ftemplate-depth-100 -DOPENFOAMESIORFOUNDATION -DOPENFOAMFOUNDATION -I/opt/openfoam10/src/physicalProperties/lnInclude -I/opt/openfoam10/src/thermophysicalModels/basic/lnInclude -I/opt/openfoam10/src/thermophysicalModels/specie/lnInclude -I/opt/openfoam10/src/thermophysicalModels/solidThermo/lnInclude -I/opt/openfoam10/src/thermophysicalModels/thermophysicalProperties/lnInclude -I/opt/openfoam10/src/thermophysicalModels/reactionThermo/lnInclude -I/opt/openfoam10/src/finiteVolume/lnInclude -I/opt/openfoam10/src/meshTools/lnInclude -IlnInclude -I. -I/opt/openfoam10/src/OpenFOAM/lnInclude -I/opt/openfoam10/src/OSspecific/POSIX/lnInclude   -fPIC -c interpolationTable/tableReaders/openFoam/openFoamTableReaders.C -o Make/linux64GccDPInt32Opt/interpolationTable/tableReaders/openFoam/openFoamTableReaders.o
g++ -std=c++14 -m64 -Dlinux64 -DWM_ARCH_OPTION=64 -DWM_DP -DWM_LABEL_SIZE=32 -Wall -Wextra -Wold-style-cast -Wnon-virtual-dtor -Wno-unused-parameter -Wno-invalid-offsetof -Wno-attributes -O3  -DNoRepository -ftemplate-depth-100 -DOPENFOAMESIORFOUNDATION -DOPENFOAMFOUNDATION -I/opt/openfoam10/src/physicalProperties/lnInclude -I/opt/openfoam10/src/thermophysicalModels/basic/lnInclude -I/opt/openfoam10/src/thermophysicalModels/specie/lnInclude -I/opt/openfoam10/src/thermophysicalModels/solidThermo/lnInclude -I/opt/openfoam10/src/thermophysicalModels/thermophysicalProperties/lnInclude -I/opt/openfoam10/src/thermophysicalModels/reactionThermo/lnInclude -I/opt/openfoam10/src/finiteVolume/lnInclude -I/opt/openfoam10/src/meshTools/lnInclude -IlnInclude -I. -I/opt/openfoam10/src/OpenFOAM/lnInclude -I/opt/openfoam10/src/OSspecific/POSIX/lnInclude   -fPIC -c interpolationTable/tableReaders/csv/csvTableReaders.C -o Make/linux64GccDPInt32Opt/interpolationTable/tableReaders/csv/csvTableReaders.o
g++ -std=c++14 -m64 -Dlinux64 -DWM_ARCH_OPTION=64 -DWM_DP -DWM_LABEL_SIZE=32 -Wall -Wextra -Wold-style-cast -Wnon-virtual-dtor -Wno-unused-parameter -Wno-invalid-offsetof -Wno-attributes -O3  -DNoRepository -ftemplate-depth-100 -DOPENFOAMESIORFOUNDATION -DOPENFOAMFOUNDATION -I/opt/openfoam10/src/physicalProperties/lnInclude -I/opt/openfoam10/src/thermophysicalModels/basic/lnInclude -I/opt/openfoam10/src/thermophysicalModels/specie/lnInclude -I/opt/openfoam10/src/thermophysicalModels/solidThermo/lnInclude -I/opt/openfoam10/src/thermophysicalModels/thermophysicalProperties/lnInclude -I/opt/openfoam10/src/thermophysicalModels/reactionThermo/lnInclude -I/opt/openfoam10/src/finiteVolume/lnInclude -I/opt/openfoam10/src/meshTools/lnInclude -IlnInclude -I. -I/opt/openfoam10/src/OpenFOAM/lnInclude -I/opt/openfoam10/src/OSspecific/POSIX/lnInclude   -fPIC -fuse-ld=bfd -shared -Xlinker --add-needed -Xlinker --no-as-needed Make/linux64GccDPInt32Opt/laserHeatSource.o Make/linux64GccDPInt32Opt/interpolationTable/tableReaders/tableReaders.o Make/linux64GccDPInt32Opt/interpolationTable/tableReaders/openFoam/openFoamTableReaders.o Make/linux64GccDPInt32Opt/interpolationTable/tableReaders/csv/csvTableReaders.o -L/opt/openfoam10/platforms/linux64GccDPInt32Opt/lib \
    -lfluidThermophysicalModels -lspecie -lsolidThermo -lthermophysicalProperties -lfiniteVolume -lmeshTools  -o /home/sabbirdipto/OpenFOAM/sabbirdipto-10/platforms/linux64GccDPInt32Opt/lib/liblaserHeatSource.so
wmake solvers
wmake laserbeamFoam
wmake multiComponentlaserbeamFoam
Allwmake /home/sabbirdipto/thesis/src/laserbeamFoam/applications/solvers/laserbeamFoam
Allwmake /home/sabbirdipto/thesis/src/laserbeamFoam/applications/solvers/multiComponentlaserbeamFoam
wmake multiphaseMixture
wmakeLnIncludeAll: running wmakeLnInclude on dependent libraries:
    wmakeLnInclude: linking include files to incompressibleInterPhaseTransportModel//lnInclude
wmakeLnInclude: linking include files to ./lnInclude
Making dependency list for source file laserbeamFoam.C
Making dependency list for source file multiphaseMixture.C
Making dependency list for source file phase.C
g++ -std=c++14 -m64 -Dlinux64 -DWM_ARCH_OPTION=64 -DWM_DP -DWM_LABEL_SIZE=32 -Wall -Wextra -Wold-style-cast -Wnon-virtual-dtor -Wno-unused-parameter -Wno-invalid-offsetof -Wno-attributes -O3  -DNoRepository -ftemplate-depth-100 -IalphaContactAngle -I/opt/openfoam10/src/physicalProperties/lnInclude -I/opt/openfoam10/src/multiphaseModels/multiphaseProperties/lnInclude -I/opt/openfoam10/src/twoPhaseModels/interfaceProperties/lnInclude -I/opt/openfoam10/src/finiteVolume/lnInclude -I/opt/openfoam10/src/meshTools/lnInclude -IlnInclude -I. -I/opt/openfoam10/src/OpenFOAM/lnInclude -I/opt/openfoam10/src/OSspecific/POSIX/lnInclude   -fPIC -c phase/phase.C -o Make/linux64GccDPInt32Opt/phase/phase.o
g++ -std=c++14 -m64 -Dlinux64 -DWM_ARCH_OPTION=64 -DWM_DP -DWM_LABEL_SIZE=32 -Wall -Wextra -Wold-style-cast -Wnon-virtual-dtor -Wno-unused-parameter -Wno-invalid-offsetof -Wno-attributes -O3  -DNoRepository -ftemplate-depth-100 -I../../../src/laserHeatSource/lnInclude -IincompressibleInterPhaseTransportModel/lnInclude -I/opt/openfoam10/src/physicalProperties/lnInclude -I/opt/openfoam10/src/twoPhaseModels/twoPhaseMixture/lnInclude -I/opt/openfoam10/src/twoPhaseModels/interfaceProperties/lnInclude -I/opt/openfoam10/src/twoPhaseModels/incompressibleTwoPhaseMixture/lnInclude -I/opt/openfoam10/src/twoPhaseModels/immiscibleIncompressibleTwoPhaseMixture/lnInclude -I/opt/openfoam10/src/twoPhaseModels/twoPhaseChange/lnInclude -I/opt/openfoam10/src/MomentumTransportModels/momentumTransportModels/lnInclude -I/opt/openfoam10/src/MomentumTransportModels/incompressible/lnInclude -I/opt/openfoam10/src/MomentumTransportModels/phaseIncompressible/lnInclude -I/opt/openfoam10/src/meshTools/lnInclude -I/opt/openfoam10/src/finiteVolume/lnInclude -I/opt/openfoam10/src/meshTools/lnInclude -I/opt/openfoam10/src/sampling/lnInclude -I/opt/openfoam10/src/radiationModels/lnInclude -IlnInclude -I. -I/opt/openfoam10/src/OpenFOAM/lnInclude -I/opt/openfoam10/src/OSspecific/POSIX/lnInclude   -fPIC -c laserbeamFoam.C -o Make/linux64GccDPInt32Opt/laserbeamFoam.o
In file included from ../../../src/laserHeatSource/lnInclude/openFoamTableReader.H:98,
                 from ../../../src/laserHeatSource/lnInclude/interpolationTable.C:21,
                 from ../../../src/laserHeatSource/lnInclude/interpolationTable.H:181,
                 from ../../../src/laserHeatSource/lnInclude/laserHeatSource.H:45,
                 from laserbeamFoam.C:56:
../../../src/laserHeatSource/lnInclude/openFoamTableReader.C: In member function ‘virtual void Foam::openFoamTableReader<Type>::operator()(const Foam::fileName&, Foam::List<Foam::Tuple2<double, Type> >&)’:
../../../src/laserHeatSource/lnInclude/openFoamTableReader.C:56:20: warning: empty parentheses were disambiguated as a function declaration [-Wvexing-parse]
   56 |     IFstream(fName)() >> data;
      |                    ^~
../../../src/laserHeatSource/lnInclude/openFoamTableReader.C: In member function ‘virtual void Foam::openFoamTableReader<Type>::operator()(const Foam::fileName&, Foam::List<Foam::Tuple2<double, Foam::List<Foam::Tuple2<double, Type> > > >&)’:
../../../src/laserHeatSource/lnInclude/openFoamTableReader.C:72:20: warning: empty parentheses were disambiguated as a function declaration [-Wvexing-parse]
   72 |     IFstream(fName)() >> data;
      |                    ^~
In file included from laserbeamFoam.C:202:
TEqn.H: In function ‘int main(int, char**)’:
TEqn.H:6:12: warning: unused variable ‘Tresidual’ [-Wunused-variable]
    6 |     scalar Tresidual = 1.0;
      |            ^~~~~~~~~
g++ -std=c++14 -m64 -Dlinux64 -DWM_ARCH_OPTION=64 -DWM_DP -DWM_LABEL_SIZE=32 -Wall -Wextra -Wold-style-cast -Wnon-virtual-dtor -Wno-unused-parameter -Wno-invalid-offsetof -Wno-attributes -O3  -DNoRepository -ftemplate-depth-100 -IalphaContactAngle -I/opt/openfoam10/src/physicalProperties/lnInclude -I/opt/openfoam10/src/multiphaseModels/multiphaseProperties/lnInclude -I/opt/openfoam10/src/twoPhaseModels/interfaceProperties/lnInclude -I/opt/openfoam10/src/finiteVolume/lnInclude -I/opt/openfoam10/src/meshTools/lnInclude -IlnInclude -I. -I/opt/openfoam10/src/OpenFOAM/lnInclude -I/opt/openfoam10/src/OSspecific/POSIX/lnInclude   -fPIC -c multiphaseMixture.C -o Make/linux64GccDPInt32Opt/multiphaseMixture.o
g++ -std=c++14 -m64 -Dlinux64 -DWM_ARCH_OPTION=64 -DWM_DP -DWM_LABEL_SIZE=32 -Wall -Wextra -Wold-style-cast -Wnon-virtual-dtor -Wno-unused-parameter -Wno-invalid-offsetof -Wno-attributes -O3  -DNoRepository -ftemplate-depth-100 -IalphaContactAngle -I/opt/openfoam10/src/physicalProperties/lnInclude -I/opt/openfoam10/src/multiphaseModels/multiphaseProperties/lnInclude -I/opt/openfoam10/src/twoPhaseModels/interfaceProperties/lnInclude -I/opt/openfoam10/src/finiteVolume/lnInclude -I/opt/openfoam10/src/meshTools/lnInclude -IlnInclude -I. -I/opt/openfoam10/src/OpenFOAM/lnInclude -I/opt/openfoam10/src/OSspecific/POSIX/lnInclude   -fPIC -fuse-ld=bfd -shared -Xlinker --add-needed -Xlinker --no-as-needed Make/linux64GccDPInt32Opt/phase/phase.o Make/linux64GccDPInt32Opt/multiphaseMixture.o -L/opt/openfoam10/platforms/linux64GccDPInt32Opt/lib \
    -linterfaceProperties -lphysicalProperties -lmultiphaseProperties -lfiniteVolume -lmeshTools  -o /home/sabbirdipto/OpenFOAM/sabbirdipto-10/platforms/linux64GccDPInt32Opt/lib/libMClaserbeamFoam.so
Making dependency list for source file multiComponentlaserbeamFoam.C
g++ -std=c++14 -m64 -Dlinux64 -DWM_ARCH_OPTION=64 -DWM_DP -DWM_LABEL_SIZE=32 -Wall -Wextra -Wold-style-cast -Wnon-virtual-dtor -Wno-unused-parameter -Wno-invalid-offsetof -Wno-attributes -O3  -DNoRepository -ftemplate-depth-100 -I../../../src/laserHeatSource/lnInclude -ImultiphaseMixture/lnInclude -I/opt/openfoam10/src/physicalProperties/lnInclude -I/opt/openfoam10/src/twoPhaseModels/twoPhaseMixture/lnInclude -I/opt/openfoam10/src/twoPhaseModels/interfaceProperties/lnInclude -I/opt/openfoam10/src/MomentumTransportModels/momentumTransportModels/lnInclude -I/opt/openfoam10/src/MomentumTransportModels/incompressible/lnInclude -I/opt/openfoam10/src/finiteVolume/lnInclude -I/opt/openfoam10/src/meshTools/lnInclude -I/opt/openfoam10/src/sampling/lnInclude -IlnInclude -I. -I/opt/openfoam10/src/OpenFOAM/lnInclude -I/opt/openfoam10/src/OSspecific/POSIX/lnInclude   -fPIC -c multiComponentlaserbeamFoam.C -o Make/linux64GccDPInt32Opt/multiComponentlaserbeamFoam.o
In file included from ../../../src/laserHeatSource/lnInclude/openFoamTableReader.H:98,
                 from ../../../src/laserHeatSource/lnInclude/interpolationTable.C:21,
                 from ../../../src/laserHeatSource/lnInclude/interpolationTable.H:181,
                 from ../../../src/laserHeatSource/lnInclude/laserHeatSource.H:45,
                 from multiComponentlaserbeamFoam.C:52:
../../../src/laserHeatSource/lnInclude/openFoamTableReader.C: In member function ‘virtual void Foam::openFoamTableReader<Type>::operator()(const Foam::fileName&, Foam::List<Foam::Tuple2<double, Type> >&)’:
../../../src/laserHeatSource/lnInclude/openFoamTableReader.C:56:20: warning: empty parentheses were disambiguated as a function declaration [-Wvexing-parse]
   56 |     IFstream(fName)() >> data;
      |                    ^~
../../../src/laserHeatSource/lnInclude/openFoamTableReader.C: In member function ‘virtual void Foam::openFoamTableReader<Type>::operator()(const Foam::fileName&, Foam::List<Foam::Tuple2<double, Foam::List<Foam::Tuple2<double, Type> > > >&)’:
../../../src/laserHeatSource/lnInclude/openFoamTableReader.C:72:20: warning: empty parentheses were disambiguated as a function declaration [-Wvexing-parse]
   72 |     IFstream(fName)() >> data;
      |                    ^~
g++ -std=c++14 -m64 -Dlinux64 -DWM_ARCH_OPTION=64 -DWM_DP -DWM_LABEL_SIZE=32 -Wall -Wextra -Wold-style-cast -Wnon-virtual-dtor -Wno-unused-parameter -Wno-invalid-offsetof -Wno-attributes -O3  -DNoRepository -ftemplate-depth-100 -I../../../src/laserHeatSource/lnInclude -IincompressibleInterPhaseTransportModel/lnInclude -I/opt/openfoam10/src/physicalProperties/lnInclude -I/opt/openfoam10/src/twoPhaseModels/twoPhaseMixture/lnInclude -I/opt/openfoam10/src/twoPhaseModels/interfaceProperties/lnInclude -I/opt/openfoam10/src/twoPhaseModels/incompressibleTwoPhaseMixture/lnInclude -I/opt/openfoam10/src/twoPhaseModels/immiscibleIncompressibleTwoPhaseMixture/lnInclude -I/opt/openfoam10/src/twoPhaseModels/twoPhaseChange/lnInclude -I/opt/openfoam10/src/MomentumTransportModels/momentumTransportModels/lnInclude -I/opt/openfoam10/src/MomentumTransportModels/incompressible/lnInclude -I/opt/openfoam10/src/MomentumTransportModels/phaseIncompressible/lnInclude -I/opt/openfoam10/src/meshTools/lnInclude -I/opt/openfoam10/src/finiteVolume/lnInclude -I/opt/openfoam10/src/meshTools/lnInclude -I/opt/openfoam10/src/sampling/lnInclude -I/opt/openfoam10/src/radiationModels/lnInclude -IlnInclude -I. -I/opt/openfoam10/src/OpenFOAM/lnInclude -I/opt/openfoam10/src/OSspecific/POSIX/lnInclude   -fPIC -fuse-ld=bfd -Xlinker --add-needed -Xlinker --no-as-needed Make/linux64GccDPInt32Opt/laserbeamFoam.o -L/opt/openfoam10/platforms/linux64GccDPInt32Opt/lib \
    -L/home/sabbirdipto/OpenFOAM/sabbirdipto-10/platforms/linux64GccDPInt32Opt/lib -llaserHeatSource -limmiscibleIncompressibleTwoPhaseMixture -ltwoPhaseChangeModels -lmomentumTransportModels -lincompressibleMomentumTransportModels -lincompressibleInterPhaseTransportModel -lfiniteVolume -lfvModels -lfvConstraints -lmeshTools -lradiationModels -lOpenFOAM -ldl  \
     -lm -o /home/sabbirdipto/OpenFOAM/sabbirdipto-10/platforms/linux64GccDPInt32Opt/bin/laserbeamFoam
g++ -std=c++14 -m64 -Dlinux64 -DWM_ARCH_OPTION=64 -DWM_DP -DWM_LABEL_SIZE=32 -Wall -Wextra -Wold-style-cast -Wnon-virtual-dtor -Wno-unused-parameter -Wno-invalid-offsetof -Wno-attributes -O3  -DNoRepository -ftemplate-depth-100 -I../../../src/laserHeatSource/lnInclude -ImultiphaseMixture/lnInclude -I/opt/openfoam10/src/physicalProperties/lnInclude -I/opt/openfoam10/src/twoPhaseModels/twoPhaseMixture/lnInclude -I/opt/openfoam10/src/twoPhaseModels/interfaceProperties/lnInclude -I/opt/openfoam10/src/MomentumTransportModels/momentumTransportModels/lnInclude -I/opt/openfoam10/src/MomentumTransportModels/incompressible/lnInclude -I/opt/openfoam10/src/finiteVolume/lnInclude -I/opt/openfoam10/src/meshTools/lnInclude -I/opt/openfoam10/src/sampling/lnInclude -IlnInclude -I. -I/opt/openfoam10/src/OpenFOAM/lnInclude -I/opt/openfoam10/src/OSspecific/POSIX/lnInclude   -fPIC -fuse-ld=bfd -Xlinker --add-needed -Xlinker --no-as-needed Make/linux64GccDPInt32Opt/multiComponentlaserbeamFoam.o -L/opt/openfoam10/platforms/linux64GccDPInt32Opt/lib \
    -L/home/sabbirdipto/OpenFOAM/sabbirdipto-10/platforms/linux64GccDPInt32Opt/lib -llaserHeatSource -linterfaceProperties -lphysicalProperties -lmomentumTransportModels -lincompressibleMomentumTransportModels -lfiniteVolume -lfvModels -lfvConstraints -lmeshTools -lsampling -L/home/sabbirdipto/OpenFOAM/sabbirdipto-10/platforms/linux64GccDPInt32Opt/lib -lMClaserbeamFoam -lOpenFOAM -ldl  \
     -lm -o /home/sabbirdipto/OpenFOAM/sabbirdipto-10/platforms/linux64GccDPInt32Opt/bin/multiComponentlaserbeamFoam
wmake utilities
wmake setSolidFraction
Making dependency list for source file setSolidFraction.C
g++ -std=c++14 -m64 -Dlinux64 -DWM_ARCH_OPTION=64 -DWM_DP -DWM_LABEL_SIZE=32 -Wall -Wextra -Wold-style-cast -Wnon-virtual-dtor -Wno-unused-parameter -Wno-invalid-offsetof -Wno-attributes -O3  -DNoRepository -ftemplate-depth-100 -I/opt/openfoam10/src/finiteVolume/lnInclude -I/opt/openfoam10/src/meshTools/lnInclude -IlnInclude -I. -I/opt/openfoam10/src/OpenFOAM/lnInclude -I/opt/openfoam10/src/OSspecific/POSIX/lnInclude   -fPIC -c setSolidFraction.C -o Make/linux64GccDPInt32Opt/setSolidFraction.o
g++ -std=c++14 -m64 -Dlinux64 -DWM_ARCH_OPTION=64 -DWM_DP -DWM_LABEL_SIZE=32 -Wall -Wextra -Wold-style-cast -Wnon-virtual-dtor -Wno-unused-parameter -Wno-invalid-offsetof -Wno-attributes -O3  -DNoRepository -ftemplate-depth-100 -I/opt/openfoam10/src/finiteVolume/lnInclude -I/opt/openfoam10/src/meshTools/lnInclude -IlnInclude -I. -I/opt/openfoam10/src/OpenFOAM/lnInclude -I/opt/openfoam10/src/OSspecific/POSIX/lnInclude   -fPIC -fuse-ld=bfd -Xlinker --add-needed -Xlinker --no-as-needed Make/linux64GccDPInt32Opt/setSolidFraction.o -L/opt/openfoam10/platforms/linux64GccDPInt32Opt/lib \
    -lfiniteVolume -lmeshTools -lOpenFOAM -ldl  \
     -lm -o /home/sabbirdipto/OpenFOAM/sabbirdipto-10/platforms/linux64GccDPInt32Opt/bin/setSolidFraction
Checking if the installation was a success:

There were no build errors: enjoy laserbeamFoam!


